MPASM  5.46                          LAB3.ASM   5-25-2024  11:43:57         PAGE  1


LOC  OBJECT CODE     LINE SOURCE TEXT
  VALUE

                      00001 ;200316059 Ikram Celal KESKIN
                      00002 ;200316011 Musa Sina ERTUGRUL
                      00003     LIST P = 16F877A
                      00004     #INCLUDE <P16F877A.INC>
                      00001         LIST
                      00002 
                      00003 ;==========================================================================
                      00004 ;  MPASM PIC16F877A processor include
                      00005 ; 
                      00006 ;  (c) Copyright 1999-2012 Microchip Technology, All rights reserved
                      00007 ;==========================================================================
                      00008 
                      00566         LIST
2007   3F31           00005     __CONFIG H'3F31'
                      00006 
  00000020            00007 DEG     EQU     0X20
  00000021            00008 delay1  EQU     0x21
  00000022            00009 delay2  EQU     0x22
  00000023            00010 temp    EQU     0X23
  00000024            00011 ones    EQU     0X24
  00000025            00012 tens    EQU     0X25
  00000026            00013 divisor EQU     0X26
                      00014 
                      00015         ORG     0X00
0000   2???           00016         GOTO    start
                      00017 
0001                  00018 start   
                      00019         ; Port ve ADC ayarlarý
0001   30FF           00020         MOVLW   0XFF
0002   1683 1303      00021         BANKSEL TRISA
Message[302]: Register in operand not in bank 0.  Ensure that bank bits are correct.
0004   0085           00022         MOVWF   TRISA
0005   1683 1303      00023         BANKSEL TRISB
Message[302]: Register in operand not in bank 0.  Ensure that bank bits are correct.
0007   0186           00024         CLRF    TRISB
0008   1683 1303      00025         BANKSEL TRISC
Message[302]: Register in operand not in bank 0.  Ensure that bank bits are correct.
000A   0187           00026         CLRF    TRISC
000B   1683 1303      00027         BANKSEL TRISD   
Message[302]: Register in operand not in bank 0.  Ensure that bank bits are correct.
000D   0188           00028         CLRF    TRISD
000E   1283 1303      00029         BANKSEL PORTA
0010   0185           00030         CLRF    PORTA
0011   1283 1303      00031         BANKSEL PORTB
0013   0186           00032         CLRF    PORTB
0014   1283 1303      00033         BANKSEL PORTC
0016   0187           00034         CLRF    PORTC
0017   1283 1303      00035         BANKSEL PORTD
0019   0188           00036         CLRF    PORTD
001A   3041           00037         MOVLW   B'01000001' ;0X41       ADC Clock Fosc*1/8 ADON=1  
001B   1283 1303      00038         BANKSEL ADCON0
001D   009F           00039         MOVWF   ADCON0
001E   1683 1303      00040         BANKSEL ADCON1
MPASM  5.46                          LAB3.ASM   5-25-2024  11:43:57         PAGE  2


LOC  OBJECT CODE     LINE SOURCE TEXT
  VALUE

0020   3080           00041         MOVLW   B'10000000' ;0X80
Message[302]: Register in operand not in bank 0.  Ensure that bank bits are correct.
0021   009F           00042         MOVWF   ADCON1
                      00043 
0022                  00044 loop    
0022   2???           00045         CALL    ReadADC     
0023   1283 1303      00046         BANKSEL temp
0025   081E           00047         MOVF    ADRESH,W
0026   00A3           00048         MOVWF   temp       ;high byte of ADC result to temp
0027   1283 1303      00049         BANKSEL DEG
Message[302]: Register in operand not in bank 0.  Ensure that bank bits are correct.
0029   081E           00050         MOVF    ADRESL,W
002A   00A0           00051         MOVWF   DEG        ;low byte of ADC result to DEG
                      00052 
                      00053         ; Combine ADRESH and ADRESL to get the full 10-bit result
002B   1283 1303      00054         BANKSEL temp
002D   0823           00055         MOVF    temp, W
002E   00A5           00056         MOVWF   tens
002F   300A           00057         MOVLW   D'10'
0030   00A6           00058         MOVWF   divisor
0031   01A4           00059         CLRF    ones
0032                  00060 DIVIDE_LOOP:
0032   0225           00061         SUBWF   tens, W
0033   1C03           00062         BTFSS   STATUS, C
0034   2???           00063         GOTO    DONE_DIVIDE
0035   0AA4           00064         INCF    ones, F
0036   2???           00065         GOTO    DIVIDE_LOOP
0037                  00066 DONE_DIVIDE:
0037   07A5           00067         ADDWF   tens, F        ; restore the original value
                      00068 
                      00069         ; Display tens digit
0038   0824           00070         MOVF    ones, W
0039   2???           00071         CALL    table
003A   1283 1303      00072         BANKSEL PORTC
003C   0087           00073         MOVWF   PORTC
003D   1408           00074         BSF     PORTD, 0       ; Activate first 7 segment display
003E   2???           00075         CALL    DELAY
003F   1008           00076         BCF     PORTD, 0       ; Deactivate first 7 segment display
                      00077 
                      00078         ; Display ones digit
0040   0825           00079         MOVF    tens, W
0041   2???           00080         CALL    table
0042   0087           00081         MOVWF   PORTC
0043   1488           00082         BSF     PORTD, 1       ; Activate second 7 segment display
0044   2???           00083         CALL    DELAY
0045   1088           00084         BCF     PORTD, 1       ; Deactivate second 7 segment display
                      00085 
0046   2???           00086         GOTO    loop
                      00087 
                      00088 ;------------------------------------------------------
                      00089 
0047                  00090 ReadADC             
0047   1283 1303      00091         BANKSEL ADCON0
MPASM  5.46                          LAB3.ASM   5-25-2024  11:43:57         PAGE  3


LOC  OBJECT CODE     LINE SOURCE TEXT
  VALUE

0049   151F           00092         BSF     ADCON0,GO
004A                  00093 read    
004A   1283 1303      00094         BANKSEL ADCON0
004C   191F           00095         BTFSC   ADCON0,GO
004D   2???           00096         GOTO    read
                      00097         
004E   1283 1303      00098         BANKSEL ADRESH
0050   081E           00099         MOVF    ADRESH, W
0051   00A3           00100         MOVWF   temp
0052   1683 1303      00101         BANKSEL ADRESL
Message[302]: Register in operand not in bank 0.  Ensure that bank bits are correct.
0054   081E           00102         MOVF    ADRESL, W
0055   00A0           00103         MOVWF   DEG
0056   0008           00104         RETURN
                      00105 ;-----------------------------------------------------
0057                  00106 table   
Message[305]: Using default destination of 1 (file).
0057   0782           00107         ADDWF   PCL
0058   34FC           00108         RETLW   B'11111100' ;0
0059   3460           00109         RETLW   B'01100000' ;1
005A   34DA           00110         RETLW   B'11011010' ;2
005B   34F2           00111         RETLW   B'11110010' ;3
005C   3466           00112         RETLW   B'01100110' ;4
005D   34B6           00113         RETLW   B'10110110' ;5
005E   34BE           00114         RETLW   B'10111110' ;6
005F   34E0           00115         RETLW   B'11100000' ;7
0060   34FE           00116         RETLW   B'11111110' ;8
0061   34F6           00117         RETLW   B'11110110' ;9
                      00118 
                      00119 ;-------------------------------------------------
0062                  00120 DELAY:
                      00121     ; Basit bir gecikme rutini
0062   30FA           00122     MOVLW D'250'
0063                  00123 DELAY_LOOP1:
0063   00A1           00124     MOVWF delay1
0064                  00125 DELAY_LOOP2:
0064   30FA           00126     MOVLW D'250'
0065                  00127 DELAY_LOOP3:
0065   00A2           00128     MOVWF delay2
0066   0000           00129     NOP
0067   0BA2           00130     DECFSZ delay2, F
0068   2???           00131     GOTO DELAY_LOOP3
0069   0BA1           00132     DECFSZ delay1, F
006A   2???           00133     GOTO DELAY_LOOP2
006B   0008           00134     RETURN
                      00135 
3F31                  00136     END
MPASM  5.46                          LAB3.ASM   5-25-2024  11:43:57         PAGE  4


SYMBOL TABLE
  LABEL                             VALUE 

ACKDT                             00000005
ACKEN                             00000004
ACKSTAT                           00000006
ADCON0                            0000001F
ADCON1                            0000009F
ADCS0                             00000006
ADCS1                             00000007
ADCS2                             00000006
ADDEN                             00000003
ADFM                              00000007
ADIE                              00000006
ADIF                              00000006
ADON                              00000000
ADRESH                            0000001E
ADRESL                            0000009E
BCLIE                             00000003
BCLIF                             00000003
BF                                00000000
BRGH                              00000002
C                                 00000000
C1INV                             00000004
C1OUT                             00000006
C2INV                             00000005
C2OUT                             00000007
CCP1CON                           00000017
CCP1IE                            00000002
CCP1IF                            00000002
CCP1M0                            00000000
CCP1M1                            00000001
CCP1M2                            00000002
CCP1M3                            00000003
CCP1X                             00000005
CCP1Y                             00000004
CCP2CON                           0000001D
CCP2IE                            00000000
CCP2IF                            00000000
CCP2M0                            00000000
CCP2M1                            00000001
CCP2M2                            00000002
CCP2M3                            00000003
CCP2X                             00000005
CCP2Y                             00000004
CCPR1                             00000015
CCPR1H                            00000016
CCPR1L                            00000015
CCPR2                             0000001B
CCPR2H                            0000001C
CCPR2L                            0000001B
CHS0                              00000003
CHS1                              00000004
CHS2                              00000005
CIS                               00000003
CKE                               00000006
MPASM  5.46                          LAB3.ASM   5-25-2024  11:43:57         PAGE  5


SYMBOL TABLE
  LABEL                             VALUE 

CKP                               00000004
CM0                               00000000
CM1                               00000001
CM2                               00000002
CMCON                             0000009C
CMIE                              00000006
CMIF                              00000006
CREN                              00000004
CSRC                              00000007
CVR0                              00000000
CVR1                              00000001
CVR2                              00000002
CVR3                              00000003
CVRCON                            0000009D
CVREN                             00000007
CVROE                             00000006
CVRR                              00000005
D                                 00000005
DATA_ADDRESS                      00000005
DC                                00000001
DEG                               00000020
DELAY                             00000062
DELAY_LOOP1                       00000063
DELAY_LOOP2                       00000064
DELAY_LOOP3                       00000065
DIVIDE_LOOP                       00000032
DONE_DIVIDE                       00000037
D_A                               00000005
D_NOT_A                           00000005
EEADR                             0000010D
EEADRH                            0000010F
EECON1                            0000018C
EECON2                            0000018D
EEDATA                            0000010C
EEDATH                            0000010E
EEIE                              00000004
EEIF                              00000004
EEPGD                             00000007
F                                 00000001
FERR                              00000002
FSR                               00000004
GCEN                              00000007
GIE                               00000007
GO                                00000002
GO_DONE                           00000002
GO_NOT_DONE                       00000002
I2C_DATA                          00000005
I2C_READ                          00000002
I2C_START                         00000003
I2C_STOP                          00000004
IBF                               00000007
IBOV                              00000005
INDF                              00000000
MPASM  5.46                          LAB3.ASM   5-25-2024  11:43:57         PAGE  6


SYMBOL TABLE
  LABEL                             VALUE 

INTCON                            0000000B
INTE                              00000004
INTEDG                            00000006
INTF                              00000001
IRP                               00000007
NOT_A                             00000005
NOT_ADDRESS                       00000005
NOT_BO                            00000000
NOT_BOR                           00000000
NOT_DONE                          00000002
NOT_PD                            00000003
NOT_POR                           00000001
NOT_RBPU                          00000007
NOT_RC8                           00000006
NOT_T1SYNC                        00000002
NOT_TO                            00000004
NOT_TX8                           00000006
NOT_W                             00000002
NOT_WRITE                         00000002
OBF                               00000006
OERR                              00000001
OPTION_REG                        00000081
P                                 00000004
PCFG0                             00000000
PCFG1                             00000001
PCFG2                             00000002
PCFG3                             00000003
PCL                               00000002
PCLATH                            0000000A
PCON                              0000008E
PEIE                              00000006
PEN                               00000002
PIE1                              0000008C
PIE2                              0000008D
PIR1                              0000000C
PIR2                              0000000D
PORTA                             00000005
PORTB                             00000006
PORTC                             00000007
PORTD                             00000008
PORTE                             00000009
PR2                               00000092
PS0                               00000000
PS1                               00000001
PS2                               00000002
PSA                               00000003
PSPIE                             00000007
PSPIF                             00000007
PSPMODE                           00000004
R                                 00000002
RA0                               00000000
RA1                               00000001
RA2                               00000002
MPASM  5.46                          LAB3.ASM   5-25-2024  11:43:57         PAGE  7


SYMBOL TABLE
  LABEL                             VALUE 

RA3                               00000003
RA4                               00000004
RA5                               00000005
RB0                               00000000
RB1                               00000001
RB2                               00000002
RB3                               00000003
RB4                               00000004
RB5                               00000005
RB6                               00000006
RB7                               00000007
RBIE                              00000003
RBIF                              00000000
RC0                               00000000
RC1                               00000001
RC2                               00000002
RC3                               00000003
RC4                               00000004
RC5                               00000005
RC6                               00000006
RC7                               00000007
RC8_9                             00000006
RC9                               00000006
RCD8                              00000000
RCEN                              00000003
RCIE                              00000005
RCIF                              00000005
RCREG                             0000001A
RCSTA                             00000018
RD                                00000000
RD0                               00000000
RD1                               00000001
RD2                               00000002
RD3                               00000003
RD4                               00000004
RD5                               00000005
RD6                               00000006
RD7                               00000007
RE0                               00000000
RE1                               00000001
RE2                               00000002
READ_WRITE                        00000002
RP0                               00000005
RP1                               00000006
RSEN                              00000001
RX9                               00000006
RX9D                              00000000
R_NOT_W                           00000002
R_W                               00000002
ReadADC                           00000047
S                                 00000003
SEN                               00000000
SMP                               00000007
MPASM  5.46                          LAB3.ASM   5-25-2024  11:43:57         PAGE  8


SYMBOL TABLE
  LABEL                             VALUE 

SPBRG                             00000099
SPEN                              00000007
SREN                              00000005
SSPADD                            00000093
SSPBUF                            00000013
SSPCON                            00000014
SSPCON2                           00000091
SSPEN                             00000005
SSPIE                             00000003
SSPIF                             00000003
SSPM0                             00000000
SSPM1                             00000001
SSPM2                             00000002
SSPM3                             00000003
SSPOV                             00000006
SSPSTAT                           00000094
STATUS                            00000003
SYNC                              00000004
T0CS                              00000005
T0IE                              00000005
T0IF                              00000002
T0SE                              00000004
T1CKPS0                           00000004
T1CKPS1                           00000005
T1CON                             00000010
T1INSYNC                          00000002
T1OSCEN                           00000003
T1SYNC                            00000002
T2CKPS0                           00000000
T2CKPS1                           00000001
T2CON                             00000012
TMR0                              00000001
TMR0IE                            00000005
TMR0IF                            00000002
TMR1                              0000000E
TMR1CS                            00000001
TMR1H                             0000000F
TMR1IE                            00000000
TMR1IF                            00000000
TMR1L                             0000000E
TMR1ON                            00000000
TMR2                              00000011
TMR2IE                            00000001
TMR2IF                            00000001
TMR2ON                            00000002
TOUTPS0                           00000003
TOUTPS1                           00000004
TOUTPS2                           00000005
TOUTPS3                           00000006
TRISA                             00000085
TRISA0                            00000000
TRISA1                            00000001
TRISA2                            00000002
MPASM  5.46                          LAB3.ASM   5-25-2024  11:43:57         PAGE  9


SYMBOL TABLE
  LABEL                             VALUE 

TRISA3                            00000003
TRISA4                            00000004
TRISA5                            00000005
TRISB                             00000086
TRISB0                            00000000
TRISB1                            00000001
TRISB2                            00000002
TRISB3                            00000003
TRISB4                            00000004
TRISB5                            00000005
TRISB6                            00000006
TRISB7                            00000007
TRISC                             00000087
TRISC0                            00000000
TRISC1                            00000001
TRISC2                            00000002
TRISC3                            00000003
TRISC4                            00000004
TRISC5                            00000005
TRISC6                            00000006
TRISC7                            00000007
TRISD                             00000088
TRISD0                            00000000
TRISD1                            00000001
TRISD2                            00000002
TRISD3                            00000003
TRISD4                            00000004
TRISD5                            00000005
TRISD6                            00000006
TRISD7                            00000007
TRISE                             00000089
TRISE0                            00000000
TRISE1                            00000001
TRISE2                            00000002
TRMT                              00000001
TX8_9                             00000006
TX9                               00000006
TX9D                              00000000
TXD8                              00000000
TXEN                              00000005
TXIE                              00000004
TXIF                              00000004
TXREG                             00000019
TXSTA                             00000098
UA                                00000001
W                                 00000000
WCOL                              00000007
WR                                00000001
WREN                              00000002
WRERR                             00000003
Z                                 00000002
_BODEN_OFF                        00003FBF
_BODEN_ON                         00003FFF
MPASM  5.46                          LAB3.ASM   5-25-2024  11:43:57         PAGE 10


SYMBOL TABLE
  LABEL                             VALUE 

_BOREN_OFF                        00003FBF
_BOREN_ON                         00003FFF
_CONFIG                           00002007
_CPD_OFF                          00003FFF
_CPD_ON                           00003EFF
_CP_ALL                           00001FFF
_CP_OFF                           00003FFF
_CP_ON                            00001FFF
_DEBUG_OFF                        00003FFF
_DEBUG_ON                         000037FF
_DEVID1                           00002006
_FOSC_EXTRC                       00003FFF
_FOSC_HS                          00003FFE
_FOSC_LP                          00003FFC
_FOSC_XT                          00003FFD
_HS_OSC                           00003FFE
_IDLOC0                           00002000
_IDLOC1                           00002001
_IDLOC2                           00002002
_IDLOC3                           00002003
_LP_OSC                           00003FFC
_LVP_OFF                          00003F7F
_LVP_ON                           00003FFF
_PWRTE_OFF                        00003FFF
_PWRTE_ON                         00003FF7
_RC_OSC                           00003FFF
_WDTE_OFF                         00003FFB
_WDTE_ON                          00003FFF
_WDT_OFF                          00003FFB
_WDT_ON                           00003FFF
_WRT_1FOURTH                      00003BFF
_WRT_256                          00003DFF
_WRT_HALF                         000039FF
_WRT_OFF                          00003FFF
_XT_OSC                           00003FFD
__16F877A                         00000001
__DEBUG                           1
delay1                            00000021
delay2                            00000022
divisor                           00000026
loop                              00000022
ones                              00000024
read                              0000004A
start                             00000001
table                             00000057
temp                              00000023
tens                              00000025

Errors   :     0
Warnings :     0 reported,     0 suppressed
Messages :     8 reported,     0 suppressed

